stdout of test 'Test_Sbatching` in directory 'sql/jdbc/tests` itself:


# 17:09:52 >  
# 17:09:52 >  Mtimeout -timeout 180 Mserver "--config=/nfs/poseidon/Temp/monet/program/etc/monet.conf" --debug=10 --set "monet_mod_path=/nfs/poseidon/Temp/monet/program/lib/MonetDB" --set "gdk_dbfarm=/nfs/poseidon/Temp/monet/program/var/MonetDB/dbfarm" --set "sql_logdir=/nfs/poseidon/Temp/monet/program/var/MonetDB/log" --set mapi_port=48751 --set sql_port=54539 --set monet_prompt= --trace "--dbname=mTests_src_jdbc_tests" "/nfs/poseidon/Temp/monet/build-head/sql/src/backends/monet4/sql_server.mil" ; echo ; echo Over..
# 17:09:52 >  

# Monet Database Server V4.3.19
# Copyright (c) 1993-2004, CWI. All rights reserved.
# Compiled for i686-pc-linux-gnu/32bit; dynamically linked.
# Visit http://monetdb.cwi.nl/ for further information.




# 09:09:12 >  
# 09:09:12 >  Mtimeout -timeout 240 ./Test_Sbatching.SQL Test_Sbatching 
# 09:09:12 >  


# 09:09:12 >  
# 09:09:12 >  ant -emacs -buildfile /net/koala.ins.cwi.nl/export/scratch1/niels/sql/src/jdbc/tests/Tests/../build.xml -Dbuilddir=/net/koala.ins.cwi.nl/export/scratch0/niels/Linux-x86_64/build-sql/src/jdbc/tests/Tests/../ -Djdbc_url=jdbc:monetdb://localhost:42887/database?user=monetdb&password=monetdb -Djardir=/net/koala.ins.cwi.nl/export/scratch0/niels/Linux-x86_64/build-sql/src/jdbc/tests/Tests/../../ Test_Sbatching
# 09:09:12 >  

0. true	true
1. create...passed :)
2. executing batch (400 inserts)...passed :)
3. checking number of update counts...400 passed :)
4. checking update counts (should all be 1)...passed :)
2. executing batch (400 inserts)...passed :)
3. checking number of update counts...400 passed :)
4. checking update counts (should all be 1)...passed :)
2. executing batch (400 inserts)...passed :)
3. checking number of update counts...400 passed :)
4. checking update counts (should all be 1)...passed :)
2. executing batch (400 inserts)...passed :)
3. checking number of update counts...400 passed :)
4. checking update counts (should all be 1)...passed :)
2. executing batch (400 inserts)...passed :)
3. checking number of update counts...400 passed :)
4. checking update counts (should all be 1)...passed :)
2. executing batch (400 inserts)...passed :)
3. checking number of update counts...400 passed :)
4. checking update counts (should all be 1)...passed :)
2. executing batch (400 inserts)...passed :)
3. checking number of update counts...400 passed :)
4. checking update counts (should all be 1)...passed :)
2. executing batch (400 inserts)...passed :)
3. checking number of update counts...400 passed :)
4. checking update counts (should all be 1)...passed :)
2. executing batch (400 inserts)...passed :)
3. checking number of update counts...400 passed :)
4. checking update counts (should all be 1)...passed :)
2. executing batch (400 inserts)...passed :)
3. checking number of update counts...400 passed :)
4. checking update counts (should all be 1)...passed :)
2. executing batch (400 inserts)...passed :)
3. checking number of update counts...400 passed :)
4. checking update counts (should all be 1)...passed :)
2. executing batch (400 inserts)...passed :)
3. checking number of update counts...400 passed :)
4. checking update counts (should all be 1)...passed :)
2. executing batch (400 inserts)...passed :)
3. checking number of update counts...400 passed :)
4. checking update counts (should all be 1)...passed :)
2. executing batch (400 inserts)...passed :)
3. checking number of update counts...400 passed :)
4. checking update counts (should all be 1)...passed :)
2. executing batch (400 inserts)...passed :)
3. checking number of update counts...400 passed :)
4. checking update counts (should all be 1)...passed :)
2. executing batch (400 inserts)...passed :)
3. checking number of update counts...400 passed :)
4. checking update counts (should all be 1)...passed :)
2. executing batch (400 inserts)...passed :)
3. checking number of update counts...400 passed :)
4. checking update counts (should all be 1)...passed :)
2. executing batch (400 inserts)...passed :)
3. checking number of update counts...400 passed :)
4. checking update counts (should all be 1)...passed :)
2. executing batch (400 inserts)...passed :)
3. checking number of update counts...400 passed :)
4. checking update counts (should all be 1)...passed :)
2. executing batch (400 inserts)...passed :)
3. checking number of update counts...400 passed :)
4. checking update counts (should all be 1)...passed :)
2. executing batch (400 inserts)...passed :)
3. checking number of update counts...400 passed :)
4. checking update counts (should all be 1)...passed :)
2. executing batch (400 inserts)...passed :)
3. checking number of update counts...400 passed :)
4. checking update counts (should all be 1)...passed :)
2. executing batch (400 inserts)...passed :)
3. checking number of update counts...400 passed :)
4. checking update counts (should all be 1)...passed :)
2. executing batch (400 inserts)...passed :)
3. checking number of update counts...400 passed :)
4. checking update counts (should all be 1)...passed :)
2. executing batch (400 inserts)...passed :)
3. checking number of update counts...400 passed :)
4. checking update counts (should all be 1)...passed :)
2. executing batch (400 inserts)...passed :)
3. checking number of update counts...400 passed :)
4. checking update counts (should all be 1)...passed :)
2. executing batch (400 inserts)...passed :)
3. checking number of update counts...400 passed :)
4. checking update counts (should all be 1)...passed :)
2. executing batch (400 inserts)...passed :)
3. checking number of update counts...400 passed :)
4. checking update counts (should all be 1)...passed :)
2. executing batch (400 inserts)...passed :)
3. checking number of update counts...400 passed :)
4. checking update counts (should all be 1)...passed :)
2. executing batch (400 inserts)...passed :)
3. checking number of update counts...400 passed :)
4. checking update counts (should all be 1)...passed :)
2. executing batch (400 inserts)...passed :)
3. checking number of update counts...400 passed :)
4. checking update counts (should all be 1)...passed :)
2. executing batch (400 inserts)...passed :)
3. checking number of update counts...400 passed :)
4. checking update counts (should all be 1)...passed :)
2. executing batch (400 inserts)...passed :)
3. checking number of update counts...400 passed :)
4. checking update counts (should all be 1)...passed :)
2. executing batch (400 inserts)...passed :)
3. checking number of update counts...400 passed :)
4. checking update counts (should all be 1)...passed :)
2. executing batch (400 inserts)...passed :)
3. checking number of update counts...400 passed :)
4. checking update counts (should all be 1)...passed :)
2. executing batch (400 inserts)...passed :)
3. checking number of update counts...400 passed :)
4. checking update counts (should all be 1)...passed :)
2. executing batch (400 inserts)...passed :)
3. checking number of update counts...400 passed :)
4. checking update counts (should all be 1)...passed :)
2. executing batch (400 inserts)...passed :)
3. checking number of update counts...400 passed :)
4. checking update counts (should all be 1)...passed :)
2. executing batch (400 inserts)...passed :)
3. checking number of update counts...400 passed :)
4. checking update counts (should all be 1)...passed :)
2. executing batch (400 inserts)...passed :)
3. checking number of update counts...400 passed :)
4. checking update counts (should all be 1)...passed :)
2. executing batch (400 inserts)...passed :)
3. checking number of update counts...400 passed :)
4. checking update counts (should all be 1)...passed :)
2. executing batch (400 inserts)...passed :)
3. checking number of update counts...400 passed :)
4. checking update counts (should all be 1)...passed :)
2. executing batch (400 inserts)...passed :)
3. checking number of update counts...400 passed :)
4. checking update counts (should all be 1)...passed :)
2. executing batch (400 inserts)...passed :)
3. checking number of update counts...400 passed :)
4. checking update counts (should all be 1)...passed :)
2. executing batch (400 inserts)...passed :)
3. checking number of update counts...400 passed :)
4. checking update counts (should all be 1)...passed :)
2. executing batch (400 inserts)...passed :)
3. checking number of update counts...400 passed :)
4. checking update counts (should all be 1)...passed :)
2. executing batch (400 inserts)...passed :)
3. checking number of update counts...400 passed :)
4. checking update counts (should all be 1)...passed :)
2. executing batch (400 inserts)...passed :)
3. checking number of update counts...400 passed :)
4. checking update counts (should all be 1)...passed :)
2. executing batch (400 inserts)...passed :)
3. checking number of update counts...400 passed :)
4. checking update counts (should all be 1)...passed :)
2. executing batch (400 inserts)...passed :)
3. checking number of update counts...400 passed :)
4. checking update counts (should all be 1)...passed :)
2. executing batch (400 inserts)...passed :)
3. checking number of update counts...400 passed :)
4. checking update counts (should all be 1)...passed :)
2. executing batch (400 inserts)...passed :)
3. checking number of update counts...400 passed :)
4. checking update counts (should all be 1)...passed :)
2. executing batch (400 inserts)...passed :)
3. checking number of update counts...400 passed :)
4. checking update counts (should all be 1)...passed :)
2. executing batch (400 inserts)...passed :)
3. checking number of update counts...400 passed :)
4. checking update counts (should all be 1)...passed :)
2. executing batch (400 inserts)...passed :)
3. checking number of update counts...400 passed :)
4. checking update counts (should all be 1)...passed :)
2. executing batch (400 inserts)...passed :)
3. checking number of update counts...400 passed :)
4. checking update counts (should all be 1)...passed :)
2. executing batch (400 inserts)...passed :)
3. checking number of update counts...400 passed :)
4. checking update counts (should all be 1)...passed :)
2. executing batch (400 inserts)...passed :)
3. checking number of update counts...400 passed :)
4. checking update counts (should all be 1)...passed :)
2. executing batch (400 inserts)...passed :)
3. checking number of update counts...400 passed :)
4. checking update counts (should all be 1)...passed :)
2. executing batch (400 inserts)...passed :)
3. checking number of update counts...400 passed :)
4. checking update counts (should all be 1)...passed :)
2. executing batch (400 inserts)...passed :)
3. checking number of update counts...400 passed :)
4. checking update counts (should all be 1)...passed :)
2. executing batch (400 inserts)...passed :)
3. checking number of update counts...400 passed :)
4. checking update counts (should all be 1)...passed :)
2. executing batch (400 inserts)...passed :)
3. checking number of update counts...400 passed :)
4. checking update counts (should all be 1)...passed :)
2. executing batch (400 inserts)...passed :)
3. checking number of update counts...400 passed :)
4. checking update counts (should all be 1)...passed :)
2. executing batch (400 inserts)...passed :)
3. checking number of update counts...400 passed :)
4. checking update counts (should all be 1)...passed :)
2. executing batch (400 inserts)...passed :)
3. checking number of update counts...400 passed :)
4. checking update counts (should all be 1)...passed :)
2. executing batch (400 inserts)...passed :)
3. checking number of update counts...400 passed :)
4. checking update counts (should all be 1)...passed :)
2. executing batch (400 inserts)...passed :)
3. checking number of update counts...400 passed :)
4. checking update counts (should all be 1)...passed :)
2. executing batch (400 inserts)...passed :)
3. checking number of update counts...400 passed :)
4. checking update counts (should all be 1)...passed :)
2. executing batch (400 inserts)...passed :)
3. checking number of update counts...400 passed :)
4. checking update counts (should all be 1)...passed :)
2. executing batch (400 inserts)...passed :)
3. checking number of update counts...400 passed :)
4. checking update counts (should all be 1)...passed :)
2. executing batch (400 inserts)...passed :)
3. checking number of update counts...400 passed :)
4. checking update counts (should all be 1)...passed :)
2. executing batch (400 inserts)...passed :)
3. checking number of update counts...400 passed :)
4. checking update counts (should all be 1)...passed :)
2. executing batch (400 inserts)...passed :)
3. checking number of update counts...400 passed :)
4. checking update counts (should all be 1)...passed :)
2. executing batch (400 inserts)...passed :)
3. checking number of update counts...400 passed :)
4. checking update counts (should all be 1)...passed :)
5. executing batch...passed :)
6. clearing the batch...passed :)
7. checking table count...30000 passed :)
8. clean up mess we made...passed :)

# 09:09:16 >  
# 09:09:16 >  Done.
# 09:09:16 >  

