stdout of test 'Test_PSlargebatchval` in directory 'sql/jdbc/tests` itself:


# 12:20:02 >  
# 12:20:02 >  "mserver5" "--debug=10" "--set" "gdk_nr_threads=0" "--set" "gdk_dbfarm=/net/sofia.ins.cwi.nl/export/scratch1/fabian/tmp/mtest-Dec2011-sofia.ins.cwi.nl/sql/dbfarm" "--set" "mapi_open=true" "--set" "mapi_port=31048" "--set" "monet_prompt=" "--trace" "--forcemito" "--set" "mal_listing=2" "--dbname=mTests_jdbc_tests" "--set" "mal_listing=0"
# 12:20:02 >  

# MonetDB 5 server v11.7.0 "Dec2011-61bdf39aeb90"
# Serving database 'mTests_jdbc_tests', using 8 threads
# Compiled for x86_64-pc-linux-gnu/64bit with 64bit OIDs dynamically linked
# Found 15.662 GiB available main-memory.
# Copyright (c) 1993-July 2008 CWI.
# Copyright (c) August 2008-2015 MonetDB B.V., all rights reserved
# Visit http://www.monetdb.org/ for further information
# Listening for connection requests on mapi:monetdb://sofia.ins.cwi.nl:31048/
# MonetDB/GIS module loaded
# MonetDB/SQL module loaded

# 12:20:02 >  
# 12:20:02 >  "./Test_PSlargebatchval.SQL.sh" "Test_PSlargebatchval"
# 12:20:02 >  


# 12:20:02 >  
# 12:20:02 >  java Test_PSlargebatchval "jdbc:monetdb://sofia:31048/mTests_jdbc_tests?user=monetdb&password=monetdb"
# 12:20:02 >  

0. true	true
1. inserted 1 large string
2. inserted 1 large clob via StringReader() object
3. inserted 1 large clob via createClob() object
3 rows inserted.

# 12:20:02 >  
# 12:20:02 >  "Done."
# 12:20:02 >  

