stdout of test 'log.Bug-6960` in directory 'sql/test/BugTracker-2020` itself:


# 18:18:15 >  
# 18:18:15 >  "mclient" "-lsql" "-ftest" "-tnone" "-Eutf-8" "-i" "-e" "--host=/var/tmp/mtest-201441" "--port=37404"
# 18:18:15 >  

#SELECT LOG(2.0, 64.0); -- 6.0
% .%2 # table_name
% %2 # name
% double # type
% 24 # length
[ 6	]
#SELECT LOG(2,65536); -- 16.0
% .%2 # table_name
% %2 # name
% double # type
% 24 # length
[ 16	]
#SELECT LOG(10,100); -- 2.0
% .%2 # table_name
% %2 # name
% double # type
% 24 # length
[ 2	]
#SELECT LOG(2,42);
% .%2 # table_name
% %2 # name
% double # type
% 24 # length
[ 5.392317423	]

# 18:18:15 >  
# 18:18:15 >  "Done."
# 18:18:15 >  

