stdout of test 'table-udf-column-descriptor.Bug-6964` in directory 'sql/test/BugTracker-2020` itself:


# 12:20:49 >  
# 12:20:49 >  "mclient" "-lsql" "-ftest" "-tnone" "-Eutf-8" "-i" "-e" "--host=/var/tmp/mtest-261339" "--port=32116"
# 12:20:49 >  

#START TRANSACTION;
#CREATE OR REPLACE FUNCTION test(i integer) 
#RETURNS TABLE (value integer)
#BEGIN
#  return select value from generate_series(1,i);
#END;
#select value from test(3);
% .%2 # table_name
% value # name
% int # type
% 1 # length
[ 1	]
[ 2	]
#ROLLBACK;

# 12:20:49 >  
# 12:20:49 >  "Done."
# 12:20:49 >  

