stdout of test 'table-udf-distinct.Bug-6965` in directory 'sql/test/BugTracker-2020` itself:


# 12:23:31 >  
# 12:23:31 >  "mclient" "-lsql" "-ftest" "-tnone" "-Eutf-8" "-i" "-e" "--host=/var/tmp/mtest-261797" "--port=34289"
# 12:23:31 >  

#START TRANSACTION;
#CREATE OR REPLACE FUNCTION test(i integer) 
#RETURNS TABLE (value integer)
#BEGIN
#  return values (1), (2), (2), (3), (i);
#END;
#select distinct value from test(3);
% .%2 # table_name
% value # name
% int # type
% 1 # length
[ 1	]
[ 2	]
[ 3	]
#ROLLBACK;

# 12:23:31 >  
# 12:23:31 >  "Done."
# 12:23:31 >  

