stdout of test 'sqlancer07` in directory 'sql/test/SQLancer` itself:


# 10:16:14 >  
# 10:16:14 >  "mclient" "-lsql" "-ftest" "-tnone" "-Eutf-8" "-i" "-e" "--host=/var/tmp/mtest-52758" "--port=31957"
# 10:16:14 >  

#START TRANSACTION;
#CREATE TABLE "t1" ("c0" DECIMAL(18,3),"c1" BINARY LARGE OBJECT NOT NULL,"c2" DECIMAL(18,3),CONSTRAINT "t1_c1_unique" UNIQUE ("c1"));
#ROLLBACK;
#START TRANSACTION;
#CREATE TABLE "t0"("c0" INTERVAL MONTH,"c1" INTERVAL SECOND);
#CREATE TABLE "t1"("c0" INTERVAL MONTH,"c1" INTERVAL SECOND);
#CREATE TABLE "t2"("c0" INTERVAL MONTH,"c1" INTERVAL SECOND);
#SELECT 1 FROM t1 JOIN t2 ON NOT (NOT (SELECT FALSE FROM t2));
% .%2 # table_name
% %2 # name
% tinyint # type
% 1 # length
#SELECT ALL CAST(NOT ((DATE '1970-01-22') NOT IN (DATE '1970-01-04')) AS INT) as count FROM t0, t1 FULL OUTER JOIN t2 ON NOT (NOT ((SELECT DISTINCT FALSE FROM t2, t0, t1)));
% . # table_name
% count # name
% int # type
% 1 # length
#ROLLBACK;
#CREATE TABLE "t0" ("c0" DOUBLE PRECISION NOT NULL);
#INSERT INTO "t0" VALUES (0.13492451886840173);
[ 1	]
#INSERT INTO "t0" VALUES (79004262);
[ 1	]
#INSERT INTO "t0" VALUES (1476461507);
[ 1	]
#CREATE TABLE "t1" ("c0" DOUBLE PRECISION);
#INSERT INTO "t1" VALUES (973588428);
[ 1	]
#INSERT INTO "t1" VALUES (NULL);
[ 1	]
#INSERT INTO "t1" VALUES (0.39517295223772886);
[ 1	]
#INSERT INTO "t1" VALUES (NULL);
[ 1	]
#DROP TABLE t0;
#DROP TABLE t1;
#START TRANSACTION;
#CREATE TABLE "t0" ("c0" DATE NOT NULL);
#CREATE TABLE "t1" ("c1" INT);
#CREATE TABLE "t2" ("c0" DATE NOT NULL);
#SELECT 0 <= ANY(SELECT CASE INTERVAL '2' SECOND WHEN INTERVAL '6' SECOND THEN t1.c1 ELSE (SELECT t1.c1 FROM t1) END FROM t1) FROM t1;
% .%5 # table_name
% %5 # name
% boolean # type
% 5 # length
#ROLLBACK;
#START TRANSACTION;
#CREATE TABLE "t0" ("c0" BOOLEAN NOT NULL);
#CREATE TABLE "t1" ("c0" DECIMAL(18,3));
#CREATE TABLE "t2" ("c0" DECIMAL(18,3),"c2" DATE);
#PREPARE (SELECT DISTINCT t0.c0, INTERVAL '1734780053' SECOND FROM t0, t1) UNION ALL (SELECT ?, ? FROM t2);
#PREPARE (SELECT DISTINCT t0.c0, INTERVAL '1734780053' SECOND FROM t0, t1) UNION ALL (SELECT ?, ? FROM t2);
% .prepare,	.prepare,	.prepare,	.prepare,	.prepare,	.prepare # table_name
% type,	digits,	scale,	schema,	table,	column # name
% varchar,	int,	int,	str,	str,	str # type
% 12,	3,	1,	0,	3,	2 # length
[ "boolean",	1,	0,	"",	"%10",	"c0"	]
[ "sec_interval",	13,	0,	"",	"%10",	"%2"	]
[ "boolean",	1,	0,	NULL,	NULL,	NULL	]
[ "sec_interval",	13,	0,	NULL,	NULL,	NULL	]
#ROLLBACK;
#START TRANSACTION;
#CREATE TABLE "t0" ("c0" INTERVAL MONTH NOT NULL,CONSTRAINT "t0_c0_pkey" PRIMARY KEY ("c0"),CONSTRAINT "t0_c0_unique" UNIQUE ("c0"),CONSTRAINT "t0_c0_unique" UNIQUE ("c0"));
#INSERT INTO "t0" VALUES (INTERVAL '2101098338' MONTH);
[ 1	]
#CREATE TABLE "t1" ("c0" INTERVAL MONTH,"c1" BOOLEAN);
#CREATE TABLE "t2" ("c0" INTERVAL MONTH);
#SELECT CAST(t1.c1 AS INT) FROM t1, t0 RIGHT OUTER JOIN t2 ON ((SELECT DISTINCT t1.c0 FROM t1, t0 WHERE FALSE)) NOT IN (t0.c0);
% sys.%4 # table_name
% %4 # name
% int # type
% 1 # length
#ROLLBACK;
#START TRANSACTION;
#CREATE TABLE "t0" ("c0" DATE,"c2" INTEGER);
#CREATE TABLE "t1" ("c1" TIMESTAMP,"c2" INTEGER);
#CREATE TABLE "t2" ("c0" DATE,"c1" TIMESTAMP,"c2" INTEGER);
#PREPARE (SELECT ?, t1.c2 FROM t1, t0 WHERE (SELECT DISTINCT (t1.c2) BETWEEN ASYMMETRIC (?) AND (t1.c2) FROM t1 CROSS JOIN 
#((SELECT DISTINCT 6.9089063E7, TRUE FROM t2 WHERE TRUE) EXCEPT (SELECT ALL 0.4, FALSE FROM t2, t0, t1 INNER JOIN t0 ON FALSE)) AS sub0 WHERE FALSE)) INTERSECT DISTINCT (SELECT DISTINCT 0.2, ? FROM t0, t2 WHERE ?);
#PREPARE (SELECT ?, t1.c2 FROM t1, t0 WHERE (SELECT DISTINCT (t1.c2) BETWEEN ASYMMETRIC (?) AND (t1.c2) FROM t1 CROSS JOIN 
#((SELECT DISTINCT 6.9089063E7, TRUE FROM t2 WHERE TRUE) EXCEPT (SELECT ALL 0.4, FALSE FROM t2, t0, t1 INNER JOIN t0 ON FALSE)) AS sub0 WHERE FALSE)) INTERSECT DISTINCT (SELECT DISTINCT 0.2, ? FROM t0, t2 WHERE ?);
% .prepare,	.prepare,	.prepare,	.prepare,	.prepare,	.prepare # table_name
% type,	digits,	scale,	schema,	table,	column # name
% varchar,	int,	int,	str,	str,	str # type
% 7,	3,	1,	0,	3,	3 # length
[ "decimal",	2,	1,	"",	"%22",	"%14"	]
[ "int",	32,	0,	"",	"%22",	"c2"	]
[ "decimal",	2,	1,	NULL,	NULL,	NULL	]
[ "int",	32,	0,	NULL,	NULL,	NULL	]
[ "int",	32,	0,	NULL,	NULL,	NULL	]
[ "boolean",	1,	0,	NULL,	NULL,	NULL	]
#ROLLBACK;
#START TRANSACTION;
#CREATE TABLE "t0" ("c0" CHAR(315));
#INSERT INTO "t0" VALUES ('(y/l'), (''), ('*J');
[ 3	]
#CREATE TABLE "t1" ("c0" VARCHAR(512), "c1" DOUBLE PRECISION);
#INSERT INTO "t1" VALUES ('0.9295919173154146', NULL);
[ 1	]
#CREATE TABLE "t2" ("c0" CHAR(315));
#INSERT INTO "t2" VALUES ('1753268987.000'), ('(y/l'), ('(y/l'), ('');
[ 4	]
#SELECT '1' > COALESCE(((SELECT t1.c0 FROM t1) INTERSECT (SELECT '2')), t0.c0) FROM t0;
% .%11 # table_name
% %11 # name
% boolean # type
% 5 # length
[ true	]
[ true	]
[ true	]
#SELECT CAST(((COALESCE(t0.c0, t0.c0, t0.c0))>(COALESCE(((SELECT DISTINCT t1.c0 FROM t1, t0, t2 WHERE FALSE) INTERSECT DISTINCT (SELECT ALL t0.c0 FROM t0 WHERE TRUE)), 
#t0.c0, CASE INTERVAL '720497648' MONTH WHEN INTERVAL '1899785652' MONTH THEN t0.c0 ELSE t0.c0 END))) AS INT) FROM t0;
% .%7 # table_name
% %7 # name
% int # type
% 1 # length
[ 0	]
[ 0	]
[ 0	]
#ROLLBACK;
#START TRANSACTION;
#CREATE TABLE "t0" ("c0" VARCHAR(156) NOT NULL);
#INSERT INTO "t0" VALUES ('');
[ 1	]
#CREATE TABLE "t1" ("c0" VARCHAR(156) NOT NULL);
#INSERT INTO "t1" VALUES ('i?#\t+U,s'), ('288044674'), ('b'), ('W?ykP7L+X'), ('34076821'), ('ah'), ('﹂9j0M4');
[ 7	]
#SELECT CASE '1' WHEN COALESCE((SELECT t0.c0 FROM t0), COALESCE(t1.c0, '2')) THEN 1 END FROM t1;
% .%2 # table_name
% %2 # name
% tinyint # type
% 1 # length
[ NULL	]
[ NULL	]
[ NULL	]
[ NULL	]
[ NULL	]
[ NULL	]
[ NULL	]
#ROLLBACK;
#CREATE TABLE "t0" ("c1" VARCHAR(388) NOT NULL,CONSTRAINT "t0_c1_pkey" PRIMARY KEY ("c1"),CONSTRAINT "t0_c1_unique" UNIQUE ("c1"));
#INSERT INTO "t0" VALUES (''), ('Ral%}?U*A'), ('Dz '), ('P');
[ 4	]
#CREATE TABLE "t2" ("c1" VARCHAR(388) NOT NULL);
#INSERT INTO "t2" VALUES ('4'),('4'),('3eSU8,'),(''),('5E~쟱'),('~'),('1386006226'),('0.19005213960704492'),('''{Mdd뒆VB'''),('\015␱%L%]'),('+'),(''),('㕚o+k');
[ 13	]
#select t0.c1 from t0 where (5) in (case when t0.c1 = 'a' then 1 end, (select 3));
% .t0 # table_name
% c1 # name
% varchar # type
% 0 # length
#select t0.c1 from t0 where (5) in (case when t0.c1 = 'a' then 1 end, (select 3 from t0));
% .t0 # table_name
% c1 # name
% varchar # type
% 0 # length
#select t0.c1 from t0 where (-5) in (case when t0.c1 = 'a' then 1 else -2 end, (select -3 from t0, t2 where false));
% .t0 # table_name
% c1 # name
% varchar # type
% 0 # length
#DROP TABLE t0;
#DROP TABLE t2;
#CREATE TABLE t1 (c0 DOUBLE PRECISION NOT NULL);
#SELECT t1.c0 FROM t1;
% sys.t1 # table_name
% c0 # name
% double # type
% 24 # length
#DROP TABLE t1;
#START TRANSACTION;
#CREATE TABLE "t0" ("c0" DECIMAL(18,3) NOT NULL,"c1" DOUBLE PRECISION NOT NULL);
#CREATE TABLE "t1" ("c1" DOUBLE PRECISION);
#CREATE TABLE "t2" ("c0" DECIMAL(18,3),"c1" DOUBLE PRECISION);
#SELECT (SELECT 1 FROM t1, t2, t0 JOIN (SELECT 1) AS sub0 ON (t1.c1) BETWEEN (t2.c1) AND (t1.c1)) FROM t2, t0 CROSS JOIN t1;
% .%2 # table_name
% %2 # name
% tinyint # type
% 1 # length
#ROLLBACK;
#START TRANSACTION;
#CREATE TABLE "t0" ("c0" BIGINT NOT NULL,CONSTRAINT "t0_c0_pkey" PRIMARY KEY ("c0"),CONSTRAINT "t0_c0_unique" UNIQUE ("c0"));
#INSERT INTO "t0" VALUES (0),(-1557127883),(-488477810);
[ 3	]
#CREATE TABLE "t1" ("c0" BIGINT NOT NULL);
#INSERT INTO "t1" VALUES (1457011207),(98933083),(1259938486);
[ 3	]
#CREATE TABLE "t2" ("c0" BIGINT NOT NULL,CONSTRAINT "t2_c0_pkey" PRIMARY KEY ("c0"));
#INSERT INTO "t2" VALUES (596983192), (-601428889), (1688368391);
[ 3	]
#SELECT 1 FROM t2, t0 CROSS JOIN t1 WHERE t0.c0 % (SELECT 1 WHERE FALSE) <= t1.c0;
% .%4 # table_name
% %4 # name
% tinyint # type
% 1 # length
#SELECT t1.c0 FROM t2, t0 CROSS JOIN t1 WHERE ((((t0.c0)%((SELECT DISTINCT t0.c0 FROM t1, t0, t2 WHERE FALSE))))<=(t1.c0));
% sys.t1 # table_name
% c0 # name
% bigint # type
% 1 # length
#SELECT CAST(SUM(count) AS BIGINT) FROM (SELECT ALL CAST(((((t0.c0)%((SELECT DISTINCT t0.c0 FROM t1, t0, t2 WHERE FALSE))))<=(t1.c0)) AS INT) as count FROM t2, t0 CROSS JOIN t1) as res;
% .%4 # table_name
% %4 # name
% bigint # type
% 1 # length
[ NULL	]
#ROLLBACK;

# 10:16:14 >  
# 10:16:14 >  "Done."
# 10:16:14 >  

